{
  "writes": [
    {
      "surface": "Codex",
      "path": "/home/u/.codex/skills/jevlin/SKILL.md",
      "mode": 384,
      "why": "skill",
      "content": "\u003cSKILL.md, rendered for this OS; see testdata/hosts/*.golden\u003e"
    },
    {
      "surface": "Codex",
      "path": "/home/u/.codex/config.toml",
      "mode": 384,
      "why": "permissions: profile \"jevlin\", extending \":workspace\", with the writable roots, and network to agents-v1.nyks.dev, as.example.invalid and router.example.invalid only, through Codex's proxy (supported with Codex 0.158.0 or newer; older versions are not supported)",
      "content": "# \u003e\u003e\u003e jevlin agents install \u003e\u003e\u003e\n# Codex permission profile for jevlin's search: write access to its jevlin\n# home and network access to the search hosts only, through Codex's proxy.\n# Supported with Codex 0.158.0 or newer; older versions are not\n# supported, and below 0.131 Codex refuses this file and does not start.\ndefault_permissions = \"jevlin\"\n\n[features.network_proxy]\nenabled = true\n\n[permissions.jevlin]\nextends = \":workspace\"\n\n[permissions.jevlin.filesystem]\n\"TESTHOME/intake\" = \"write\"\n\"TESTHOME/sessions\" = \"write\"\n\"TESTHOME/spool\" = \"write\"\n\"TESTHOME/state\" = \"write\"\n\n[permissions.jevlin.network]\nenabled = true\n\n[permissions.jevlin.network.domains]\n\"agents-v1.nyks.dev\" = \"allow\"\n\"as.example.invalid\" = \"allow\"\n\"router.example.invalid\" = \"allow\"\n# \u003c\u003c\u003c jevlin agents install \u003c\u003c\u003c\n"
    }
  ]
}
