{
  "writes": [
    {
      "surface": "Codex",
      "path": "/home/u/.codex/skills/jevlin/SKILL.md",
      "mode": 384,
      "why": "skill",
      "content": "\u003cSKILL.md, rendered for this OS; see testdata/hosts/*.golden\u003e"
    },
    {
      "surface": "Codex",
      "path": "/home/u/.codex/config.toml",
      "mode": 384,
      "why": "sandbox: writable_roots so searches can record; network stays off",
      "content": "# \u003e\u003e\u003e jevlin agents install \u003e\u003e\u003e\n# Lets jevlin's search record its mining observation under your\n# jevlin home. Without this, Codex's default sandbox blocks the write\n# and searches earn nothing. The network stays off unless you opted in:\n# network_access applies to every command Codex runs in its sandbox.\n[sandbox_workspace_write]\nnetwork_access = false\nwritable_roots = [\"TESTHOME/intake\", \"TESTHOME/sessions\", \"TESTHOME/spool\", \"TESTHOME/state\"]\n# \u003c\u003c\u003c jevlin agents install \u003c\u003c\u003c\n"
    }
  ]
}
